{
  "version": "1.5.0",
  "plugins_used": [
    {
      "name": "ArtifactoryDetector"
    },
    {
      "name": "AWSKeyDetector"
    },
    {
      "name": "AzureStorageKeyDetector"
    },
    {
      "name": "Base64HighEntropyString",
      "limit": 4.5
    },
    {
      "name": "BasicAuthDetector"
    },
    {
      "name": "CloudantDetector"
    },
    {
      "name": "DiscordBotTokenDetector"
    },
    {
      "name": "GitHubTokenDetector"
    },
    {
      "name": "GitLabTokenDetector"
    },
    {
      "name": "HexHighEntropyString",
      "limit": 3.0
    },
    {
      "name": "IbmCloudIamDetector"
    },
    {
      "name": "IbmCosHmacDetector"
    },
    {
      "name": "IPPublicDetector"
    },
    {
      "name": "JwtTokenDetector"
    },
    {
      "name": "KeywordDetector",
      "keyword_exclude": ""
    },
    {
      "name": "MailchimpDetector"
    },
    {
      "name": "NpmDetector"
    },
    {
      "name": "OpenAIDetector"
    },
    {
      "name": "PrivateKeyDetector"
    },
    {
      "name": "PypiTokenDetector"
    },
    {
      "name": "SendGridDetector"
    },
    {
      "name": "SlackDetector"
    },
    {
      "name": "SoftlayerDetector"
    },
    {
      "name": "SquareOAuthDetector"
    },
    {
      "name": "StripeDetector"
    },
    {
      "name": "TelegramBotTokenDetector"
    },
    {
      "name": "TwilioKeyDetector"
    }
  ],
  "filters_used": [
    {
      "path": "detect_secrets.filters.allowlist.is_line_allowlisted"
    },
    {
      "path": "detect_secrets.filters.common.is_baseline_file",
      "filename": ".secrets.baseline"
    },
    {
      "path": "detect_secrets.filters.common.is_ignored_due_to_verification_policies",
      "min_level": 2
    },
    {
      "path": "detect_secrets.filters.heuristic.is_indirect_reference"
    },
    {
      "path": "detect_secrets.filters.heuristic.is_likely_id_string"
    },
    {
      "path": "detect_secrets.filters.heuristic.is_lock_file"
    },
    {
      "path": "detect_secrets.filters.heuristic.is_not_alphanumeric_string"
    },
    {
      "path": "detect_secrets.filters.heuristic.is_potential_uuid"
    },
    {
      "path": "detect_secrets.filters.heuristic.is_prefixed_with_dollar_sign"
    },
    {
      "path": "detect_secrets.filters.heuristic.is_sequential_string"
    },
    {
      "path": "detect_secrets.filters.heuristic.is_swagger_file"
    },
    {
      "path": "detect_secrets.filters.heuristic.is_templated_secret"
    },
    {
      "path": "detect_secrets.filters.regex.should_exclude_file",
      "pattern": [
        "reference-library/|\\.git/"
      ]
    }
  ],
  "results": {
    "docs/operations/MCP-DEPLOYMENT.md": [
      {
        "type": "Secret Keyword",
        "filename": "docs/operations/MCP-DEPLOYMENT.md",
        "hashed_secret": "7cb594bd4758481885f7e3e88331212e5ca69f51",
        "is_verified": false,
        "line_number": 64
      }
    ],
    "kairix/agents/mcp/transport.py": [
      {
        "type": "Secret Keyword",
        "filename": "kairix/agents/mcp/transport.py",
        "hashed_secret": "7cb594bd4758481885f7e3e88331212e5ca69f51",
        "is_verified": false,
        "line_number": 98
      }
    ],
    "kairix/secrets.py": [
      {
        "type": "Secret Keyword",
        "filename": "kairix/secrets.py",
        "hashed_secret": "191d123568487213c926b9faf04e91f192377fb6",
        "is_verified": false,
        "line_number": 57
      }
    ],
    "reference-library/agentic-ai/autogen-docs/python/docs/src/user-guide/agentchat-user-guide/migration-guide-part-05-model-client.md": [
      {
        "type": "Secret Keyword",
        "filename": "reference-library/agentic-ai/autogen-docs/python/docs/src/user-guide/agentchat-user-guide/migration-guide-part-05-model-client.md",
        "hashed_secret": "ec417f567082612f8fd6afafe1abcab831fca840",
        "is_verified": false,
        "line_number": 9
      }
    ],
    "reference-library/agentic-ai/autogen-docs/python/docs/src/user-guide/agentchat-user-guide/migration-guide-part-06-model-client-for-openai-compatible-apis.md": [
      {
        "type": "Secret Keyword",
        "filename": "reference-library/agentic-ai/autogen-docs/python/docs/src/user-guide/agentchat-user-guide/migration-guide-part-06-model-client-for-openai-compatible-apis.md",
        "hashed_secret": "ff55435345834a3fe224936776c2aa15f6ed5358",
        "is_verified": false,
        "line_number": 12
      }
    ],
    "reference-library/agentic-ai/autogen-docs/python/docs/src/user-guide/agentchat-user-guide/migration-guide-part-07-model-client-cache.md": [
      {
        "type": "Secret Keyword",
        "filename": "reference-library/agentic-ai/autogen-docs/python/docs/src/user-guide/agentchat-user-guide/migration-guide-part-07-model-client-cache.md",
        "hashed_secret": "ec417f567082612f8fd6afafe1abcab831fca840",
        "is_verified": false,
        "line_number": 8
      }
    ],
    "reference-library/agentic-ai/autogen-docs/python/docs/src/user-guide/agentchat-user-guide/migration-guide-part-08-assistant-agent.md": [
      {
        "type": "Secret Keyword",
        "filename": "reference-library/agentic-ai/autogen-docs/python/docs/src/user-guide/agentchat-user-guide/migration-guide-part-08-assistant-agent.md",
        "hashed_secret": "ec417f567082612f8fd6afafe1abcab831fca840",
        "is_verified": false,
        "line_number": 9
      }
    ],
    "reference-library/agentic-ai/autogen-docs/python/docs/src/user-guide/agentchat-user-guide/migration-guide-part-16-conversable-agent-and-register-reply.md": [
      {
        "type": "Secret Keyword",
        "filename": "reference-library/agentic-ai/autogen-docs/python/docs/src/user-guide/agentchat-user-guide/migration-guide-part-16-conversable-agent-and-register-reply.md",
        "hashed_secret": "ec417f567082612f8fd6afafe1abcab831fca840",
        "is_verified": false,
        "line_number": 10
      }
    ],
    "reference-library/agentic-ai/autogen-docs/python/docs/src/user-guide/agentchat-user-guide/migration-guide-part-20-two-agent-chat.md": [
      {
        "type": "Secret Keyword",
        "filename": "reference-library/agentic-ai/autogen-docs/python/docs/src/user-guide/agentchat-user-guide/migration-guide-part-20-two-agent-chat.md",
        "hashed_secret": "ec417f567082612f8fd6afafe1abcab831fca840",
        "is_verified": false,
        "line_number": 10
      }
    ],
    "reference-library/agentic-ai/autogen-docs/python/docs/src/user-guide/agentchat-user-guide/migration-guide-part-22-tool-use.md": [
      {
        "type": "Secret Keyword",
        "filename": "reference-library/agentic-ai/autogen-docs/python/docs/src/user-guide/agentchat-user-guide/migration-guide-part-22-tool-use.md",
        "hashed_secret": "ec417f567082612f8fd6afafe1abcab831fca840",
        "is_verified": false,
        "line_number": 10
      }
    ],
    "reference-library/agentic-ai/autogen-docs/python/docs/src/user-guide/agentchat-user-guide/migration-guide-part-26-group-chat.md": [
      {
        "type": "Secret Keyword",
        "filename": "reference-library/agentic-ai/autogen-docs/python/docs/src/user-guide/agentchat-user-guide/migration-guide-part-26-group-chat.md",
        "hashed_secret": "ec417f567082612f8fd6afafe1abcab831fca840",
        "is_verified": false,
        "line_number": 11
      }
    ],
    "reference-library/agentic-ai/autogen-docs/python/docs/src/user-guide/autogenstudio-user-guide/experimental.md": [
      {
        "type": "Secret Keyword",
        "filename": "reference-library/agentic-ai/autogen-docs/python/docs/src/user-guide/autogenstudio-user-guide/experimental.md",
        "hashed_secret": "33f220dd67f717cc949db63e21c90e130a6137da",
        "is_verified": false,
        "line_number": 25
      },
      {
        "type": "Secret Keyword",
        "filename": "reference-library/agentic-ai/autogen-docs/python/docs/src/user-guide/autogenstudio-user-guide/experimental.md",
        "hashed_secret": "ac371b6dcce28a86c90d12bc57d946a800eebf17",
        "is_verified": false,
        "line_number": 29
      }
    ],
    "reference-library/agentic-ai/autogen-docs/python/docs/src/user-guide/autogenstudio-user-guide/faq.md": [
      {
        "type": "Secret Keyword",
        "filename": "reference-library/agentic-ai/autogen-docs/python/docs/src/user-guide/autogenstudio-user-guide/faq.md",
        "hashed_secret": "ec3810e10fb78db55ce38b9c18d1c3eb1db739e0",
        "is_verified": false,
        "line_number": 41
      },
      {
        "type": "Secret Keyword",
        "filename": "reference-library/agentic-ai/autogen-docs/python/docs/src/user-guide/autogenstudio-user-guide/faq.md",
        "hashed_secret": "11fa7c37d697f30e6aee828b4426a10f83ab2380",
        "is_verified": false,
        "line_number": 47
      },
      {
        "type": "Basic Auth Credentials",
        "filename": "reference-library/agentic-ai/autogen-docs/python/docs/src/user-guide/autogenstudio-user-guide/faq.md",
        "hashed_secret": "5baa61e4c9b93f3f0682250b6cf8331b7ee68fd8",
        "is_verified": false,
        "line_number": 153
      }
    ],
    "reference-library/agentic-ai/autogen-docs/python/docs/src/user-guide/autogenstudio-user-guide/installation.md": [
      {
        "type": "Basic Auth Credentials",
        "filename": "reference-library/agentic-ai/autogen-docs/python/docs/src/user-guide/autogenstudio-user-guide/installation.md",
        "hashed_secret": "5baa61e4c9b93f3f0682250b6cf8331b7ee68fd8",
        "is_verified": false,
        "line_number": 132
      }
    ],
    "reference-library/agentic-ai/autogen-docs/python/docs/src/user-guide/core-user-guide/faqs.md": [
      {
        "type": "Secret Keyword",
        "filename": "reference-library/agentic-ai/autogen-docs/python/docs/src/user-guide/core-user-guide/faqs.md",
        "hashed_secret": "65fd923d10ced0b951c2227d3122b6d0782c9fd1",
        "is_verified": false,
        "line_number": 63
      }
    ],
    "reference-library/agentic-ai/autogen-docs/python/packages/agbench/readme.md": [
      {
        "type": "Secret Keyword",
        "filename": "reference-library/agentic-ai/autogen-docs/python/packages/agbench/readme.md",
        "hashed_secret": "b57476b48a5c82462200680c29eb76e2309b5349",
        "is_verified": false,
        "line_number": 59
      },
      {
        "type": "Secret Keyword",
        "filename": "reference-library/agentic-ai/autogen-docs/python/packages/agbench/readme.md",
        "hashed_secret": "b95c89bbfea3f5ae504dce3a1417cba486abe6cc",
        "is_verified": false,
        "line_number": 92
      }
    ],
    "reference-library/agentic-ai/autogen-docs/python/packages/autogen-studio/readme.md": [
      {
        "type": "Basic Auth Credentials",
        "filename": "reference-library/agentic-ai/autogen-docs/python/packages/autogen-studio/readme.md",
        "hashed_secret": "5baa61e4c9b93f3f0682250b6cf8331b7ee68fd8",
        "is_verified": false,
        "line_number": 37
      }
    ],
    "reference-library/agentic-ai/autogen-docs/readme.md": [
      {
        "type": "Secret Keyword",
        "filename": "reference-library/agentic-ai/autogen-docs/readme.md",
        "hashed_secret": "ec3810e10fb78db55ce38b9c18d1c3eb1db739e0",
        "is_verified": false,
        "line_number": 45
      }
    ],
    "reference-library/agentic-ai/ms-gen-ai-beginners/06-text-generation-apps/readme.md": [
      {
        "type": "Secret Keyword",
        "filename": "reference-library/agentic-ai/ms-gen-ai-beginners/06-text-generation-apps/readme.md",
        "hashed_secret": "ec3810e10fb78db55ce38b9c18d1c3eb1db739e0",
        "is_verified": false,
        "line_number": 119
      }
    ],
    "reference-library/agentic-ai/ms-gen-ai-beginners/docs/security-guidelines.md": [
      {
        "type": "Secret Keyword",
        "filename": "reference-library/agentic-ai/ms-gen-ai-beginners/docs/security-guidelines.md",
        "hashed_secret": "83ff9f4e0d16d61727cbdf47d769fb707b652217",
        "is_verified": false,
        "line_number": 64
      }
    ],
    "reference-library/agentic-ai/openai-cookbook/articles/gpt-oss/run-locally-lmstudio.md": [
      {
        "type": "Secret Keyword",
        "filename": "reference-library/agentic-ai/openai-cookbook/articles/gpt-oss/run-locally-lmstudio.md",
        "hashed_secret": "b5c2827eb65bf13b87130e7e3c424ba9ff07cd67",
        "is_verified": false,
        "line_number": 77
      }
    ],
    "reference-library/agentic-ai/openai-cookbook/articles/gpt-oss/run-locally-ollama.md": [
      {
        "type": "Secret Keyword",
        "filename": "reference-library/agentic-ai/openai-cookbook/articles/gpt-oss/run-locally-ollama.md",
        "hashed_secret": "8ed4322e8e2790b8c928d381ce8d07cfd966e909",
        "is_verified": false,
        "line_number": 67
      }
    ],
    "reference-library/agentic-ai/openai-cookbook/articles/gpt-oss/run-vllm.md": [
      {
        "type": "Secret Keyword",
        "filename": "reference-library/agentic-ai/openai-cookbook/articles/gpt-oss/run-vllm.md",
        "hashed_secret": "5bc604777adb22ae457a5473c397202e00689e23",
        "is_verified": false,
        "line_number": 65
      }
    ],
    "reference-library/agentic-ai/openai-cookbook/examples/chatgpt/gpt_actions_library/gpt-action-workday.md": [
      {
        "type": "Hex High Entropy String",
        "filename": "reference-library/agentic-ai/openai-cookbook/examples/chatgpt/gpt_actions_library/gpt-action-workday.md",
        "hashed_secret": "87d6db4c93e1422bcc89c27b4e310485d7373452",
        "is_verified": false,
        "line_number": 156
      },
      {
        "type": "Hex High Entropy String",
        "filename": "reference-library/agentic-ai/openai-cookbook/examples/chatgpt/gpt_actions_library/gpt-action-workday.md",
        "hashed_secret": "8d93b61f9f4ff20fa239276661aa9609b990c863",
        "is_verified": false,
        "line_number": 274
      },
      {
        "type": "Hex High Entropy String",
        "filename": "reference-library/agentic-ai/openai-cookbook/examples/chatgpt/gpt_actions_library/gpt-action-workday.md",
        "hashed_secret": "3a08d687905a02e0afca527eef40d65e966787a0",
        "is_verified": false,
        "line_number": 396
      }
    ],
    "reference-library/agentic-ai/openai-cookbook/examples/evals/imagegen_evals/readme.md": [
      {
        "type": "Secret Keyword",
        "filename": "reference-library/agentic-ai/openai-cookbook/examples/evals/imagegen_evals/readme.md",
        "hashed_secret": "89a6cfe2a229151e8055abee107d45ed087bbb4f",
        "is_verified": false,
        "line_number": 30
      }
    ],
    "reference-library/agentic-ai/openai-cookbook/examples/evals/realtime_evals/readme.md": [
      {
        "type": "Secret Keyword",
        "filename": "reference-library/agentic-ai/openai-cookbook/examples/evals/realtime_evals/readme.md",
        "hashed_secret": "89a6cfe2a229151e8055abee107d45ed087bbb4f",
        "is_verified": false,
        "line_number": 29
      }
    ],
    "reference-library/agentic-ai/openai-cookbook/examples/voice_solutions/running-realtime-api-speech-on-esp32-arduino-edge-runtime-elatoai.md": [
      {
        "type": "Secret Keyword",
        "filename": "reference-library/agentic-ai/openai-cookbook/examples/voice_solutions/running-realtime-api-speech-on-esp32-arduino-edge-runtime-elatoai.md",
        "hashed_secret": "d033e22ae348aeb5660fc2140aec35850c4da997",
        "is_verified": false,
        "line_number": 101
      }
    ],
    "reference-library/agentic-ai/panaversity-agentic/01_ai_agents_first/30_mcp_10x_development/readme.md": [
      {
        "type": "Secret Keyword",
        "filename": "reference-library/agentic-ai/panaversity-agentic/01_ai_agents_first/30_mcp_10x_development/readme.md",
        "hashed_secret": "1e3667aaaaa887721550cf5cc8a0c5c5760810ed",
        "is_verified": false,
        "line_number": 81
      }
    ],
    "reference-library/agentic-ai/panaversity-agentic/03_ai_protocols/01_mcp/06_openai_agents_sdk_integration/06_agent_with_multiple_mcp_servers/readme.md": [
      {
        "type": "Secret Keyword",
        "filename": "reference-library/agentic-ai/panaversity-agentic/03_ai_protocols/01_mcp/06_openai_agents_sdk_integration/06_agent_with_multiple_mcp_servers/readme.md",
        "hashed_secret": "11fa7c37d697f30e6aee828b4426a10f83ab2380",
        "is_verified": false,
        "line_number": 58
      },
      {
        "type": "Secret Keyword",
        "filename": "reference-library/agentic-ai/panaversity-agentic/03_ai_protocols/01_mcp/06_openai_agents_sdk_integration/06_agent_with_multiple_mcp_servers/readme.md",
        "hashed_secret": "2e1f9f57a64c27ef5332c1d1069ba318e1359dc9",
        "is_verified": false,
        "line_number": 119
      }
    ],
    "reference-library/agentic-ai/panaversity-agentic/03_ai_protocols/01_mcp/09_oauth/02_authorization_server_metadata/readme.md": [
      {
        "type": "Secret Keyword",
        "filename": "reference-library/agentic-ai/panaversity-agentic/03_ai_protocols/01_mcp/09_oauth/02_authorization_server_metadata/readme.md",
        "hashed_secret": "f865b53623b121fd34ee5426c792e5c33af8c227",
        "is_verified": false,
        "line_number": 196
      }
    ],
    "reference-library/agentic-ai/panaversity-agentic/03_ai_protocols/01_mcp/09_oauth/03_dynamic_client_registration/readme.md": [
      {
        "type": "Secret Keyword",
        "filename": "reference-library/agentic-ai/panaversity-agentic/03_ai_protocols/01_mcp/09_oauth/03_dynamic_client_registration/readme.md",
        "hashed_secret": "60fd50c64a1ec901c477314af555e08bd8895b68",
        "is_verified": false,
        "line_number": 205
      }
    ],
    "reference-library/agentic-ai/panaversity-agentic/03_ai_protocols/01_mcp/extra/04_quic/readme.md": [
      {
        "type": "Secret Keyword",
        "filename": "reference-library/agentic-ai/panaversity-agentic/03_ai_protocols/01_mcp/extra/04_quic/readme.md",
        "hashed_secret": "5b3688a17c8bd7512a3ecbd5a39f12ed947cce7d",
        "is_verified": false,
        "line_number": 89
      }
    ],
    "reference-library/agentic-ai/panaversity-agentic/03_ai_protocols/02_a2a/02_agent_executor/readme.md": [
      {
        "type": "Secret Keyword",
        "filename": "reference-library/agentic-ai/panaversity-agentic/03_ai_protocols/02_a2a/02_agent_executor/readme.md",
        "hashed_secret": "158ae850a1c1d77240c4ce81c0ac5c49644efa66",
        "is_verified": false,
        "line_number": 168
      }
    ],
    "reference-library/agentic-ai/panaversity-agentic/04_building_effective_agents/04_augumentation_memory/06_graphiti_learning_path/01_hello_world/readme.md": [
      {
        "type": "Secret Keyword",
        "filename": "reference-library/agentic-ai/panaversity-agentic/04_building_effective_agents/04_augumentation_memory/06_graphiti_learning_path/01_hello_world/readme.md",
        "hashed_secret": "1d3b1295c282649864a65fe3bd1631bcf7499ef5",
        "is_verified": false,
        "line_number": 52
      },
      {
        "type": "Secret Keyword",
        "filename": "reference-library/agentic-ai/panaversity-agentic/04_building_effective_agents/04_augumentation_memory/06_graphiti_learning_path/01_hello_world/readme.md",
        "hashed_secret": "95552453608c807fd481375038dae2daed5a3f7f",
        "is_verified": false,
        "line_number": 55
      }
    ],
    "reference-library/agentic-ai/panaversity-agentic/04_building_effective_agents/05_augumention_retrival/01_vector_db/09_ragflow_platform/readme.md": [
      {
        "type": "Basic Auth Credentials",
        "filename": "reference-library/agentic-ai/panaversity-agentic/04_building_effective_agents/05_augumention_retrival/01_vector_db/09_ragflow_platform/readme.md",
        "hashed_secret": "5baa61e4c9b93f3f0682250b6cf8331b7ee68fd8",
        "is_verified": false,
        "line_number": 270
      },
      {
        "type": "Secret Keyword",
        "filename": "reference-library/agentic-ai/panaversity-agentic/04_building_effective_agents/05_augumention_retrival/01_vector_db/09_ragflow_platform/readme.md",
        "hashed_secret": "11fa7c37d697f30e6aee828b4426a10f83ab2380",
        "is_verified": false,
        "line_number": 851
      }
    ],
    "reference-library/agentic-ai/panaversity-agentic/04_building_effective_agents/05_augumention_retrival/01_vector_db/readme.md": [
      {
        "type": "Secret Keyword",
        "filename": "reference-library/agentic-ai/panaversity-agentic/04_building_effective_agents/05_augumention_retrival/01_vector_db/readme.md",
        "hashed_secret": "519fb0745a0d8fbeb60fca94ead1f679615a97e4",
        "is_verified": false,
        "line_number": 136
      },
      {
        "type": "Secret Keyword",
        "filename": "reference-library/agentic-ai/panaversity-agentic/04_building_effective_agents/05_augumention_retrival/01_vector_db/readme.md",
        "hashed_secret": "117da8548537ab40edb392abf17605739b273a73",
        "is_verified": false,
        "line_number": 145
      }
    ],
    "reference-library/agentic-ai/panaversity-agentic/04_building_effective_agents/05_augumention_retrival/02_relational_db/02_pgvector_hybrid_search/readme.md": [
      {
        "type": "Secret Keyword",
        "filename": "reference-library/agentic-ai/panaversity-agentic/04_building_effective_agents/05_augumention_retrival/02_relational_db/02_pgvector_hybrid_search/readme.md",
        "hashed_secret": "1d3b1295c282649864a65fe3bd1631bcf7499ef5",
        "is_verified": false,
        "line_number": 422
      }
    ],
    "reference-library/agentic-ai/panaversity-agentic/04_building_effective_agents/05_augumention_retrival/02_relational_db/readme.md": [
      {
        "type": "Secret Keyword",
        "filename": "reference-library/agentic-ai/panaversity-agentic/04_building_effective_agents/05_augumention_retrival/02_relational_db/readme.md",
        "hashed_secret": "117da8548537ab40edb392abf17605739b273a73",
        "is_verified": false,
        "line_number": 288
      }
    ],
    "reference-library/agentic-ai/panaversity-agentic/07_daca_agent_native_dev/01_intro_fastapi/04_dependency_injection/readme.md": [
      {
        "type": "Secret Keyword",
        "filename": "reference-library/agentic-ai/panaversity-agentic/07_daca_agent_native_dev/01_intro_fastapi/04_dependency_injection/readme.md",
        "hashed_secret": "d033e22ae348aeb5660fc2140aec35850c4da997",
        "is_verified": false,
        "line_number": 92
      }
    ],
    "reference-library/agentic-ai/panaversity-agentic/07_daca_agent_native_dev/01_intro_fastapi/06_openai_agents_with_fastapi/readme.md": [
      {
        "type": "Secret Keyword",
        "filename": "reference-library/agentic-ai/panaversity-agentic/07_daca_agent_native_dev/01_intro_fastapi/06_openai_agents_with_fastapi/readme.md",
        "hashed_secret": "aecdccc1cf64595b34e0cc152d238daabb32183a",
        "is_verified": false,
        "line_number": 78
      }
    ],
    "reference-library/agentic-ai/panaversity-agentic/08_daca_deployment_guide/01_prototype-deployment-serverless/1-environment-setup/secrets-management-azure-key-vault.md": [
      {
        "type": "Basic Auth Credentials",
        "filename": "reference-library/agentic-ai/panaversity-agentic/08_daca_deployment_guide/01_prototype-deployment-serverless/1-environment-setup/secrets-management-azure-key-vault.md",
        "hashed_secret": "5baa61e4c9b93f3f0682250b6cf8331b7ee68fd8",
        "is_verified": false,
        "line_number": 69
      }
    ],
    "reference-library/agentic-ai/panaversity-agentic/08_daca_deployment_guide/01_prototype-deployment-serverless/4-validation-and-testing/smoke-testing-checklist.md": [
      {
        "type": "Secret Keyword",
        "filename": "reference-library/agentic-ai/panaversity-agentic/08_daca_deployment_guide/01_prototype-deployment-serverless/4-validation-and-testing/smoke-testing-checklist.md",
        "hashed_secret": "11fa7c37d697f30e6aee828b4426a10f83ab2380",
        "is_verified": false,
        "line_number": 209
      }
    ],
    "reference-library/agentic-ai/panaversity-agentic/08_daca_deployment_guide/02_enterprise-deployment-kubernetes/xx-infrastructure-setup/service-connections.md": [
      {
        "type": "Basic Auth Credentials",
        "filename": "reference-library/agentic-ai/panaversity-agentic/08_daca_deployment_guide/02_enterprise-deployment-kubernetes/xx-infrastructure-setup/service-connections.md",
        "hashed_secret": "5baa61e4c9b93f3f0682250b6cf8331b7ee68fd8",
        "is_verified": false,
        "line_number": 36
      },
      {
        "type": "Secret Keyword",
        "filename": "reference-library/agentic-ai/panaversity-agentic/08_daca_deployment_guide/02_enterprise-deployment-kubernetes/xx-infrastructure-setup/service-connections.md",
        "hashed_secret": "c58840dc02f98c5be9f5dfd4dce726f0fbe410f2",
        "is_verified": false,
        "line_number": 96
      }
    ],
    "reference-library/agentic-ai/panaversity-agentic/08_daca_deployment_guide/03_planetary-scale-deployment/01_global-cluster-federation/cross-region-data-replication.md": [
      {
        "type": "Basic Auth Credentials",
        "filename": "reference-library/agentic-ai/panaversity-agentic/08_daca_deployment_guide/03_planetary-scale-deployment/01_global-cluster-federation/cross-region-data-replication.md",
        "hashed_secret": "5baa61e4c9b93f3f0682250b6cf8331b7ee68fd8",
        "is_verified": false,
        "line_number": 32
      }
    ],
    "reference-library/agentic-ai/panaversity-agentic/08_daca_deployment_guide/old/old_01_daca_prototyping_deployment/readme.md": [
      {
        "type": "Basic Auth Credentials",
        "filename": "reference-library/agentic-ai/panaversity-agentic/08_daca_deployment_guide/old/old_01_daca_prototyping_deployment/readme.md",
        "hashed_secret": "5baa61e4c9b93f3f0682250b6cf8331b7ee68fd8",
        "is_verified": false,
        "line_number": 94
      }
    ],
    "reference-library/agentic-ai/panaversity-agentic/08_daca_deployment_guide/old/old_04_daca_planet_scale_kubernetes_deployment_on_oracle/readme.md": [
      {
        "type": "Secret Keyword",
        "filename": "reference-library/agentic-ai/panaversity-agentic/08_daca_deployment_guide/old/old_04_daca_planet_scale_kubernetes_deployment_on_oracle/readme.md",
        "hashed_secret": "a6778f1880744bd1a342a8e3789135412d8f9da2",
        "is_verified": false,
        "line_number": 236
      },
      {
        "type": "Secret Keyword",
        "filename": "reference-library/agentic-ai/panaversity-agentic/08_daca_deployment_guide/old/old_04_daca_planet_scale_kubernetes_deployment_on_oracle/readme.md",
        "hashed_secret": "eea1ec9af2c84eedb8b1e3a292b69a9e69bf9d39",
        "is_verified": false,
        "line_number": 255
      },
      {
        "type": "Basic Auth Credentials",
        "filename": "reference-library/agentic-ai/panaversity-agentic/08_daca_deployment_guide/old/old_04_daca_planet_scale_kubernetes_deployment_on_oracle/readme.md",
        "hashed_secret": "a6778f1880744bd1a342a8e3789135412d8f9da2",
        "is_verified": false,
        "line_number": 574
      }
    ],
    "reference-library/agentic-ai/panaversity-agentic/08_daca_deployment_guide/old/old_05_daca_planet_scale_kubernetes_deployment_on_civo/readme.md": [
      {
        "type": "Secret Keyword",
        "filename": "reference-library/agentic-ai/panaversity-agentic/08_daca_deployment_guide/old/old_05_daca_planet_scale_kubernetes_deployment_on_civo/readme.md",
        "hashed_secret": "a6778f1880744bd1a342a8e3789135412d8f9da2",
        "is_verified": false,
        "line_number": 252
      },
      {
        "type": "Secret Keyword",
        "filename": "reference-library/agentic-ai/panaversity-agentic/08_daca_deployment_guide/old/old_05_daca_planet_scale_kubernetes_deployment_on_civo/readme.md",
        "hashed_secret": "eea1ec9af2c84eedb8b1e3a292b69a9e69bf9d39",
        "is_verified": false,
        "line_number": 271
      },
      {
        "type": "Basic Auth Credentials",
        "filename": "reference-library/agentic-ai/panaversity-agentic/08_daca_deployment_guide/old/old_05_daca_planet_scale_kubernetes_deployment_on_civo/readme.md",
        "hashed_secret": "a6778f1880744bd1a342a8e3789135412d8f9da2",
        "is_verified": false,
        "line_number": 385
      }
    ],
    "reference-library/agentic-ai/panaversity-agentic/11_advanced_agentic_ui/03_fullstack_v0_fastapi/readme.md": [
      {
        "type": "Secret Keyword",
        "filename": "reference-library/agentic-ai/panaversity-agentic/11_advanced_agentic_ui/03_fullstack_v0_fastapi/readme.md",
        "hashed_secret": "a8253456364f1bfc7da7ae4a1db5b45d106317a5",
        "is_verified": false,
        "line_number": 270
      },
      {
        "type": "Secret Keyword",
        "filename": "reference-library/agentic-ai/panaversity-agentic/11_advanced_agentic_ui/03_fullstack_v0_fastapi/readme.md",
        "hashed_secret": "1d3b1295c282649864a65fe3bd1631bcf7499ef5",
        "is_verified": false,
        "line_number": 283
      }
    ],
    "reference-library/agentic-ai/panaversity-agentic/15_authentication/readme.md": [
      {
        "type": "Secret Keyword",
        "filename": "reference-library/agentic-ai/panaversity-agentic/15_authentication/readme.md",
        "hashed_secret": "f2b14f68eb995facb3a1c35287b778d5bd785511",
        "is_verified": false,
        "line_number": 506
      },
      {
        "type": "Secret Keyword",
        "filename": "reference-library/agentic-ai/panaversity-agentic/15_authentication/readme.md",
        "hashed_secret": "d0d5b553a271d6bc71f0d5bdac95dc8047d21f1d",
        "is_verified": false,
        "line_number": 581
      },
      {
        "type": "Secret Keyword",
        "filename": "reference-library/agentic-ai/panaversity-agentic/15_authentication/readme.md",
        "hashed_secret": "c5b62ea9ada21743c6f353e4a45bc8648b377006",
        "is_verified": false,
        "line_number": 611
      },
      {
        "type": "Secret Keyword",
        "filename": "reference-library/agentic-ai/panaversity-agentic/15_authentication/readme.md",
        "hashed_secret": "a761ce3a45d97e41840a788495e85a70d1bb3815",
        "is_verified": false,
        "line_number": 655
      },
      {
        "type": "Secret Keyword",
        "filename": "reference-library/agentic-ai/panaversity-agentic/15_authentication/readme.md",
        "hashed_secret": "802eae39ed2c9401a07f2495ee2b99d9223f30e1",
        "is_verified": false,
        "line_number": 662
      }
    ],
    "reference-library/data-and-analysis/dbt-docs/contributing/adding-page-components.md": [
      {
        "type": "Hex High Entropy String",
        "filename": "reference-library/data-and-analysis/dbt-docs/contributing/adding-page-components.md",
        "hashed_secret": "8c4c1ad4de126305293ba1c72a14cedfa467206a",
        "is_verified": false,
        "line_number": 153
      }
    ],
    "reference-library/data-and-analysis/dbt-docs/contributing/lightbox.md": [
      {
        "type": "Hex High Entropy String",
        "filename": "reference-library/data-and-analysis/dbt-docs/contributing/lightbox.md",
        "hashed_secret": "c05b8d7ef338577625918007727fa1da081d8f5f",
        "is_verified": false,
        "line_number": 42
      }
    ],
    "reference-library/data-and-analysis/dbt-docs/website/docs/docs/deploy/webhooks.md": [
      {
        "type": "Base64 High Entropy String",
        "filename": "reference-library/data-and-analysis/dbt-docs/website/docs/docs/deploy/webhooks.md",
        "hashed_secret": "efce22c967b2d7e6d1d7d6fe7dd3ef22e5e12b32",
        "is_verified": false,
        "line_number": 105
      },
      {
        "type": "Base64 High Entropy String",
        "filename": "reference-library/data-and-analysis/dbt-docs/website/docs/docs/deploy/webhooks.md",
        "hashed_secret": "e4cd35b9b3ecf028fa646e0bb3ac2ddc0e66dc84",
        "is_verified": false,
        "line_number": 133
      },
      {
        "type": "Hex High Entropy String",
        "filename": "reference-library/data-and-analysis/dbt-docs/website/docs/docs/deploy/webhooks.md",
        "hashed_secret": "dec7dd342a499dfd4d283d872ccf598d8a7b6039",
        "is_verified": false,
        "line_number": 397
      },
      {
        "type": "Secret Keyword",
        "filename": "reference-library/data-and-analysis/dbt-docs/website/docs/docs/deploy/webhooks.md",
        "hashed_secret": "dec7dd342a499dfd4d283d872ccf598d8a7b6039",
        "is_verified": false,
        "line_number": 397
      }
    ],
    "reference-library/data-and-analysis/dbt-docs/website/docs/docs/explore/explore-global-nav.md": [
      {
        "type": "Hex High Entropy String",
        "filename": "reference-library/data-and-analysis/dbt-docs/website/docs/docs/explore/explore-global-nav.md",
        "hashed_secret": "88685d909f89e198e2d15230176bb1ea247375ce",
        "is_verified": false,
        "line_number": 23
      }
    ],
    "reference-library/data-and-analysis/dbt-docs/website/docs/docs/use-dbt-semantic-layer/sl-cache.md": [
      {
        "type": "Hex High Entropy String",
        "filename": "reference-library/data-and-analysis/dbt-docs/website/docs/docs/use-dbt-semantic-layer/sl-cache.md",
        "hashed_secret": "9f2fd12a31ec59e667ecb78b7d99fe3f4520bb63",
        "is_verified": false,
        "line_number": 76
      }
    ],
    "reference-library/data-and-analysis/dbt-docs/website/docs/guides/debug-schema-names.md": [
      {
        "type": "Hex High Entropy String",
        "filename": "reference-library/data-and-analysis/dbt-docs/website/docs/guides/debug-schema-names.md",
        "hashed_secret": "b1d5f807f9623f81ff8e246fab2714b562844612",
        "is_verified": false,
        "line_number": 18
      }
    ],
    "reference-library/data-and-analysis/dbt-docs/website/docs/reference/commands/rpc.md": [
      {
        "type": "Base64 High Entropy String",
        "filename": "reference-library/data-and-analysis/dbt-docs/website/docs/reference/commands/rpc.md",
        "hashed_secret": "cf511a85403cdac7b96916be5b8ae44e7f9b8094",
        "is_verified": false,
        "line_number": 417
      }
    ],
    "reference-library/data-and-analysis/dbt-docs/website/docs/reference/database-permissions/snowflake-permissions.md": [
      {
        "type": "Secret Keyword",
        "filename": "reference-library/data-and-analysis/dbt-docs/website/docs/reference/database-permissions/snowflake-permissions.md",
        "hashed_secret": "ba506bc2c14199049b425d413c51a61e27a4e60b",
        "is_verified": false,
        "line_number": 64
      }
    ],
    "reference-library/data-and-analysis/dbt-docs/website/docs/reference/dbt-jinja-functions/local-md5.md": [
      {
        "type": "Hex High Entropy String",
        "filename": "reference-library/data-and-analysis/dbt-docs/website/docs/reference/dbt-jinja-functions/local-md5.md",
        "hashed_secret": "21344e5236e2497430af91cec38329964041a2f3",
        "is_verified": false,
        "line_number": 22
      }
    ],
    "reference-library/data-and-analysis/dbt-docs/website/docs/reference/resource-configs/bigquery-configs.md": [
      {
        "type": "Base64 High Entropy String",
        "filename": "reference-library/data-and-analysis/dbt-docs/website/docs/reference/resource-configs/bigquery-configs.md",
        "hashed_secret": "b1e89a818d8c6715c6cf97dee4770a5a4abb3c8b",
        "is_verified": false,
        "line_number": 325
      }
    ],
    "reference-library/data-and-analysis/dbt-docs/website/docs/reference/resource-configs/deltastream-configs.md": [
      {
        "type": "Secret Keyword",
        "filename": "reference-library/data-and-analysis/dbt-docs/website/docs/reference/resource-configs/deltastream-configs.md",
        "hashed_secret": "5baa61e4c9b93f3f0682250b6cf8331b7ee68fd8",
        "is_verified": false,
        "line_number": 211
      },
      {
        "type": "Secret Keyword",
        "filename": "reference-library/data-and-analysis/dbt-docs/website/docs/reference/resource-configs/deltastream-configs.md",
        "hashed_secret": "1627df13b5cd8b3521d02bd8eb2ca31334b3aef2",
        "is_verified": false,
        "line_number": 296
      }
    ],
    "reference-library/data-and-analysis/dbt-docs/website/docs/reference/resource-configs/postgres-configs.md": [
      {
        "type": "Hex High Entropy String",
        "filename": "reference-library/data-and-analysis/dbt-docs/website/docs/reference/resource-configs/postgres-configs.md",
        "hashed_secret": "72226550819c40c136678336678e8d73a601e0b5",
        "is_verified": false,
        "line_number": 74
      },
      {
        "type": "Hex High Entropy String",
        "filename": "reference-library/data-and-analysis/dbt-docs/website/docs/reference/resource-configs/postgres-configs.md",
        "hashed_secret": "d7df2948290750317492c29df7e2bf8b76d9b295",
        "is_verified": false,
        "line_number": 80
      }
    ],
    "reference-library/data-and-analysis/dbt-docs/website/docs/reference/resource-configs/snowflake-configs-part-09-python-model-configuration.md": [
      {
        "type": "Secret Keyword",
        "filename": "reference-library/data-and-analysis/dbt-docs/website/docs/reference/resource-configs/snowflake-configs-part-09-python-model-configuration.md",
        "hashed_secret": "72cb70dbbafe97e5ea13ad88acd65d08389439b0",
        "is_verified": false,
        "line_number": 31
      }
    ],
    "reference-library/data-and-analysis/posthog-docs/scripts/hogfm/handbook/readme.md": [
      {
        "type": "Secret Keyword",
        "filename": "reference-library/data-and-analysis/posthog-docs/scripts/hogfm/handbook/readme.md",
        "hashed_secret": "6d9c68c603e465077bdd49c62347fe54717f83a3",
        "is_verified": false,
        "line_number": 298
      }
    ],
    "reference-library/engineering/microsoft-api-guidelines/graph/guidelines-deprecated-part-11-7-consistency-fundamentals.md": [
      {
        "type": "Base64 High Entropy String",
        "filename": "reference-library/engineering/microsoft-api-guidelines/graph/guidelines-deprecated-part-11-7-consistency-fundamentals.md",
        "hashed_secret": "4df62418841200e5a3535397046ff85da110c8db",
        "is_verified": false,
        "line_number": 16
      }
    ],
    "reference-library/engineering/microsoft-api-guidelines/graph/guidelines-deprecated-part-19-15-push-notifications-via-webhooks.md": [
      {
        "type": "Hex High Entropy String",
        "filename": "reference-library/engineering/microsoft-api-guidelines/graph/guidelines-deprecated-part-19-15-push-notifications-via-webhooks.md",
        "hashed_secret": "378e3fdc55c871f7aadeedbec9d6b683fe45ad08",
        "is_verified": false,
        "line_number": 122
      },
      {
        "type": "Hex High Entropy String",
        "filename": "reference-library/engineering/microsoft-api-guidelines/graph/guidelines-deprecated-part-19-15-push-notifications-via-webhooks.md",
        "hashed_secret": "af5fdfc468964f9c5d8b54e733442c8012800865",
        "is_verified": false,
        "line_number": 137
      },
      {
        "type": "Hex High Entropy String",
        "filename": "reference-library/engineering/microsoft-api-guidelines/graph/guidelines-deprecated-part-19-15-push-notifications-via-webhooks.md",
        "hashed_secret": "19dabc658f17c909452c504267c1ad791bf3238a",
        "is_verified": false,
        "line_number": 245
      },
      {
        "type": "Hex High Entropy String",
        "filename": "reference-library/engineering/microsoft-api-guidelines/graph/guidelines-deprecated-part-19-15-push-notifications-via-webhooks.md",
        "hashed_secret": "8740569b246d4dc73769034fdc6b7da80d45b856",
        "is_verified": false,
        "line_number": 319
      }
    ],
    "reference-library/engineering/microsoft-api-guidelines/graph/patterns/default-properties.md": [
      {
        "type": "Base64 High Entropy String",
        "filename": "reference-library/engineering/microsoft-api-guidelines/graph/patterns/default-properties.md",
        "hashed_secret": "81da604e33fdfe2a074a322812a85208adfa8b61",
        "is_verified": false,
        "line_number": 197
      },
      {
        "type": "Base64 High Entropy String",
        "filename": "reference-library/engineering/microsoft-api-guidelines/graph/patterns/default-properties.md",
        "hashed_secret": "704e880f8cad900daed0be58f361c69d8edf8497",
        "is_verified": false,
        "line_number": 205
      }
    ],
    "reference-library/engineering/microsoft-api-guidelines/graph/patterns/facets.md": [
      {
        "type": "Base64 High Entropy String",
        "filename": "reference-library/engineering/microsoft-api-guidelines/graph/patterns/facets.md",
        "hashed_secret": "74ec3898547a9be5ab6cb9d43eab3d52cf67ece7",
        "is_verified": false,
        "line_number": 100
      },
      {
        "type": "Base64 High Entropy String",
        "filename": "reference-library/engineering/microsoft-api-guidelines/graph/patterns/facets.md",
        "hashed_secret": "6c76c396cbac5e394cfa4ccf977c2f51847b4f3b",
        "is_verified": false,
        "line_number": 112
      }
    ],
    "reference-library/engineering/microsoft-code-with-playbook/docs/automated-testing/tech-specific-samples/blobstorage-unit-tests/readme.md": [
      {
        "type": "Azure Storage Account access key",
        "filename": "reference-library/engineering/microsoft-code-with-playbook/docs/automated-testing/tech-specific-samples/blobstorage-unit-tests/readme.md",
        "hashed_secret": "5666459779d6a76bea73453137803fd27d8f79cd",
        "is_verified": false,
        "line_number": 124
      }
    ],
    "reference-library/engineering/microsoft-code-with-playbook/docs/developer-experience/fake-services-inner-loop.md": [
      {
        "type": "Secret Keyword",
        "filename": "reference-library/engineering/microsoft-code-with-playbook/docs/developer-experience/fake-services-inner-loop.md",
        "hashed_secret": "dbfb5cfe1cd843c9caf2ce948a8ee3a7ed3b43b3",
        "is_verified": false,
        "line_number": 55
      },
      {
        "type": "Secret Keyword",
        "filename": "reference-library/engineering/microsoft-code-with-playbook/docs/developer-experience/fake-services-inner-loop.md",
        "hashed_secret": "0bd4b34370ec242c3189ce9e8bc997a3d35968a5",
        "is_verified": false,
        "line_number": 65
      }
    ],
    "reference-library/engineering/opentelemetry-docs/content/en/blog/2022/opamp/index.md": [
      {
        "type": "Hex High Entropy String",
        "filename": "reference-library/engineering/opentelemetry-docs/content/en/blog/2022/opamp/index.md",
        "hashed_secret": "c56722fffce9bc33d2c129c0a521041c0301aeee",
        "is_verified": false,
        "line_number": 242
      }
    ],
    "reference-library/engineering/opentelemetry-docs/content/en/blog/2024/collecting-otel-compliant-java-logs-from-files/index.md": [
      {
        "type": "Hex High Entropy String",
        "filename": "reference-library/engineering/opentelemetry-docs/content/en/blog/2024/collecting-otel-compliant-java-logs-from-files/index.md",
        "hashed_secret": "04a4d737f8c8fc33d06bc784ba0672b086571e71",
        "is_verified": false,
        "line_number": 185
      },
      {
        "type": "Hex High Entropy String",
        "filename": "reference-library/engineering/opentelemetry-docs/content/en/blog/2024/collecting-otel-compliant-java-logs-from-files/index.md",
        "hashed_secret": "b0ac1484c3011b38dadcfc1faa07d2ae30f04098",
        "is_verified": false,
        "line_number": 186
      }
    ],
    "reference-library/engineering/opentelemetry-docs/content/en/blog/2024/otel-collector-container-log-parser/index.md": [
      {
        "type": "Hex High Entropy String",
        "filename": "reference-library/engineering/opentelemetry-docs/content/en/blog/2024/otel-collector-container-log-parser/index.md",
        "hashed_secret": "e068b67d2749d3eb0759e107601166de83fadb66",
        "is_verified": false,
        "line_number": 147
      }
    ],
    "reference-library/engineering/opentelemetry-docs/content/en/docs/collector/troubleshooting.md": [
      {
        "type": "Hex High Entropy String",
        "filename": "reference-library/engineering/opentelemetry-docs/content/en/docs/collector/troubleshooting.md",
        "hashed_secret": "dfb8e367f7002bb1a19201d5ee6b2c7b55927894",
        "is_verified": false,
        "line_number": 57
      },
      {
        "type": "Hex High Entropy String",
        "filename": "reference-library/engineering/opentelemetry-docs/content/en/docs/collector/troubleshooting.md",
        "hashed_secret": "0ecaac4477e0fa06a66d286c20bbfd91948f7e8f",
        "is_verified": false,
        "line_number": 58
      },
      {
        "type": "Hex High Entropy String",
        "filename": "reference-library/engineering/opentelemetry-docs/content/en/docs/collector/troubleshooting.md",
        "hashed_secret": "43744649199e3d899ba384adf636400437416909",
        "is_verified": false,
        "line_number": 59
      }
    ],
    "reference-library/engineering/opentelemetry-docs/content/en/docs/languages/dotnet/metrics/getting-started-prometheus-grafana.md": [
      {
        "type": "Secret Keyword",
        "filename": "reference-library/engineering/opentelemetry-docs/content/en/docs/languages/dotnet/metrics/getting-started-prometheus-grafana.md",
        "hashed_secret": "d033e22ae348aeb5660fc2140aec35850c4da997",
        "is_verified": false,
        "line_number": 134
      }
    ],
    "reference-library/engineering/opentelemetry-docs/content/en/docs/languages/go/getting-started.md": [
      {
        "type": "Hex High Entropy String",
        "filename": "reference-library/engineering/opentelemetry-docs/content/en/docs/languages/go/getting-started.md",
        "hashed_secret": "c34b66fdefacb1fe77e5d7715b63b03a683e6c4e",
        "is_verified": false,
        "line_number": 485
      },
      {
        "type": "Hex High Entropy String",
        "filename": "reference-library/engineering/opentelemetry-docs/content/en/docs/languages/go/getting-started.md",
        "hashed_secret": "639e3c5176cb56fb06c0bf6e216e11bd1a826827",
        "is_verified": false,
        "line_number": 486
      },
      {
        "type": "Hex High Entropy String",
        "filename": "reference-library/engineering/opentelemetry-docs/content/en/docs/languages/go/getting-started.md",
        "hashed_secret": "3c40133502bdf42eb070d35d9860549073d99bfd",
        "is_verified": false,
        "line_number": 493
      }
    ],
    "reference-library/engineering/opentelemetry-docs/content/en/docs/languages/go/resources.md": [
      {
        "type": "Hex High Entropy String",
        "filename": "reference-library/engineering/opentelemetry-docs/content/en/docs/languages/go/resources.md",
        "hashed_secret": "d9db6fe5c14dc55edd34115cdf3958845ac30882",
        "is_verified": false,
        "line_number": 21
      }
    ],
    "reference-library/engineering/opentelemetry-docs/content/en/docs/languages/java/sdk-part-10-registering-the-custom-filter-on-the-batchspanprocessor.md": [
      {
        "type": "Secret Keyword",
        "filename": "reference-library/engineering/opentelemetry-docs/content/en/docs/languages/java/sdk-part-10-registering-the-custom-filter-on-the-batchspanprocessor.md",
        "hashed_secret": "505032eaf8a3acf9b094a326dfb1cd0537c75a0d",
        "is_verified": false,
        "line_number": 92
      }
    ],
    "reference-library/engineering/opentelemetry-docs/content/en/docs/languages/js/getting-started/browser.md": [
      {
        "type": "Hex High Entropy String",
        "filename": "reference-library/engineering/opentelemetry-docs/content/en/docs/languages/js/getting-started/browser.md",
        "hashed_secret": "51d835c3ee71cd4429c4f69c2df55f678ad2ede2",
        "is_verified": false,
        "line_number": 183
      },
      {
        "type": "Hex High Entropy String",
        "filename": "reference-library/engineering/opentelemetry-docs/content/en/docs/languages/js/getting-started/browser.md",
        "hashed_secret": "06a6390c19351233f008752941f6adab9f225d24",
        "is_verified": false,
        "line_number": 184
      }
    ],
    "reference-library/engineering/opentelemetry-docs/content/en/docs/languages/js/getting-started/nodejs.md": [
      {
        "type": "Hex High Entropy String",
        "filename": "reference-library/engineering/opentelemetry-docs/content/en/docs/languages/js/getting-started/nodejs.md",
        "hashed_secret": "30e7ad6f4d5681e614d20ff75e761877b70620ec",
        "is_verified": false,
        "line_number": 286
      },
      {
        "type": "Hex High Entropy String",
        "filename": "reference-library/engineering/opentelemetry-docs/content/en/docs/languages/js/getting-started/nodejs.md",
        "hashed_secret": "0b03561878fe5896d4680b7a5651cbaac71feecc",
        "is_verified": false,
        "line_number": 295
      }
    ],
    "reference-library/engineering/opentelemetry-docs/content/en/docs/languages/js/instrumentation.md": [
      {
        "type": "Hex High Entropy String",
        "filename": "reference-library/engineering/opentelemetry-docs/content/en/docs/languages/js/instrumentation.md",
        "hashed_secret": "68d9d463e6ee1aed88611b828a5bb8ff86d95405",
        "is_verified": false,
        "line_number": 698
      },
      {
        "type": "Hex High Entropy String",
        "filename": "reference-library/engineering/opentelemetry-docs/content/en/docs/languages/js/instrumentation.md",
        "hashed_secret": "09debe50bb7c244549b671aafa087d7862e4af77",
        "is_verified": false,
        "line_number": 702
      },
      {
        "type": "Hex High Entropy String",
        "filename": "reference-library/engineering/opentelemetry-docs/content/en/docs/languages/js/instrumentation.md",
        "hashed_secret": "d869dced06b46b01069a10ab3e596488a88fc3b8",
        "is_verified": false,
        "line_number": 777
      },
      {
        "type": "Hex High Entropy String",
        "filename": "reference-library/engineering/opentelemetry-docs/content/en/docs/languages/js/instrumentation.md",
        "hashed_secret": "c3e38883ab7c69d09cd1fb72bc34c9a50ca10108",
        "is_verified": false,
        "line_number": 780
      },
      {
        "type": "Hex High Entropy String",
        "filename": "reference-library/engineering/opentelemetry-docs/content/en/docs/languages/js/instrumentation.md",
        "hashed_secret": "471d21a7b89fb864242018fd02ef4a692208477d",
        "is_verified": false,
        "line_number": 784
      },
      {
        "type": "Hex High Entropy String",
        "filename": "reference-library/engineering/opentelemetry-docs/content/en/docs/languages/js/instrumentation.md",
        "hashed_secret": "94cf2416420e33953c5614fef068d51c066100a5",
        "is_verified": false,
        "line_number": 797
      }
    ],
    "reference-library/engineering/opentelemetry-docs/content/en/docs/languages/js/propagation.md": [
      {
        "type": "Hex High Entropy String",
        "filename": "reference-library/engineering/opentelemetry-docs/content/en/docs/languages/js/propagation.md",
        "hashed_secret": "ce2f91fa3be597468218af43f771181c4a862dd1",
        "is_verified": false,
        "line_number": 154
      },
      {
        "type": "Hex High Entropy String",
        "filename": "reference-library/engineering/opentelemetry-docs/content/en/docs/languages/js/propagation.md",
        "hashed_secret": "a19bc4538aefb6ca5f0257cceb5467ee1c4b23d3",
        "is_verified": false,
        "line_number": 158
      },
      {
        "type": "Hex High Entropy String",
        "filename": "reference-library/engineering/opentelemetry-docs/content/en/docs/languages/js/propagation.md",
        "hashed_secret": "98db3f721206a9214cf4ee019a6d226cb996acda",
        "is_verified": false,
        "line_number": 191
      },
      {
        "type": "Hex High Entropy String",
        "filename": "reference-library/engineering/opentelemetry-docs/content/en/docs/languages/js/propagation.md",
        "hashed_secret": "d21615054f206c5676df3a3a0439fc1cef08283a",
        "is_verified": false,
        "line_number": 514
      },
      {
        "type": "Hex High Entropy String",
        "filename": "reference-library/engineering/opentelemetry-docs/content/en/docs/languages/js/propagation.md",
        "hashed_secret": "015168ed2978ae4df90b511d614fa15c9fed1315",
        "is_verified": false,
        "line_number": 518
      },
      {
        "type": "Hex High Entropy String",
        "filename": "reference-library/engineering/opentelemetry-docs/content/en/docs/languages/js/propagation.md",
        "hashed_secret": "fe2d45ea166990929d60a74c2ea19a7d3fa05704",
        "is_verified": false,
        "line_number": 539
      }
    ],
    "reference-library/engineering/opentelemetry-docs/content/en/docs/languages/js/resources.md": [
      {
        "type": "Hex High Entropy String",
        "filename": "reference-library/engineering/opentelemetry-docs/content/en/docs/languages/js/resources.md",
        "hashed_secret": "9c2f731498165379f7bf83f653f3d4c4e692f855",
        "is_verified": false,
        "line_number": 190
      },
      {
        "type": "Hex High Entropy String",
        "filename": "reference-library/engineering/opentelemetry-docs/content/en/docs/languages/js/resources.md",
        "hashed_secret": "68f3b831d72ee60ed52be44562e3a5423c1c08ce",
        "is_verified": false,
        "line_number": 246
      }
    ],
    "reference-library/engineering/opentelemetry-docs/content/en/docs/languages/php/getting-started.md": [
      {
        "type": "Hex High Entropy String",
        "filename": "reference-library/engineering/opentelemetry-docs/content/en/docs/languages/php/getting-started.md",
        "hashed_secret": "115a337446a59a348129673124de11d92fce0e27",
        "is_verified": false,
        "line_number": 361
      }
    ],
    "reference-library/engineering/opentelemetry-docs/content/en/docs/languages/php/instrumentation.md": [
      {
        "type": "Hex High Entropy String",
        "filename": "reference-library/engineering/opentelemetry-docs/content/en/docs/languages/php/instrumentation.md",
        "hashed_secret": "8be199ead4d98de1a229da9feec94393c1b0f7b4",
        "is_verified": false,
        "line_number": 488
      }
    ],
    "reference-library/engineering/opentelemetry-docs/content/en/docs/languages/python/getting-started.md": [
      {
        "type": "Hex High Entropy String",
        "filename": "reference-library/engineering/opentelemetry-docs/content/en/docs/languages/python/getting-started.md",
        "hashed_secret": "9adafac7b77481973ac18ae2a4629b1d1b68b74e",
        "is_verified": false,
        "line_number": 210
      },
      {
        "type": "Hex High Entropy String",
        "filename": "reference-library/engineering/opentelemetry-docs/content/en/docs/languages/python/getting-started.md",
        "hashed_secret": "358cbd6df6e153d32814c199509e5b3eb509224c",
        "is_verified": false,
        "line_number": 211
      }
    ],
    "reference-library/engineering/opentelemetry-docs/content/en/docs/languages/swift/getting-started.md": [
      {
        "type": "Hex High Entropy String",
        "filename": "reference-library/engineering/opentelemetry-docs/content/en/docs/languages/swift/getting-started.md",
        "hashed_secret": "84b3e040794bcc2effd81fce0df754921c8c85d5",
        "is_verified": false,
        "line_number": 187
      },
      {
        "type": "Hex High Entropy String",
        "filename": "reference-library/engineering/opentelemetry-docs/content/en/docs/languages/swift/getting-started.md",
        "hashed_secret": "46f9af65e345aa40945e4a39e9ddcf64ef0a0f77",
        "is_verified": false,
        "line_number": 193
      }
    ],
    "reference-library/engineering/opentelemetry-docs/content/en/docs/zero-code/dotnet/index.md": [
      {
        "type": "Hex High Entropy String",
        "filename": "reference-library/engineering/opentelemetry-docs/content/en/docs/zero-code/dotnet/index.md",
        "hashed_secret": "4f28f65f8460e84b728f9f09a21d79f372a8e909",
        "is_verified": false,
        "line_number": 307
      },
      {
        "type": "Hex High Entropy String",
        "filename": "reference-library/engineering/opentelemetry-docs/content/en/docs/zero-code/dotnet/index.md",
        "hashed_secret": "6d81939ceecb30edbb69682e03ddd17f115a772b",
        "is_verified": false,
        "line_number": 308
      }
    ],
    "reference-library/engineering/opentelemetry-docs/content/en/docs/zero-code/java/agent/instrumentation/index.md": [
      {
        "type": "Secret Keyword",
        "filename": "reference-library/engineering/opentelemetry-docs/content/en/docs/zero-code/java/agent/instrumentation/index.md",
        "hashed_secret": "e5e9fa1ba31ecd1ae84f75caaa474f3a663f05f4",
        "is_verified": false,
        "line_number": 67
      }
    ],
    "reference-library/security/openlane-grc/config/readme.md": [
      {
        "type": "Secret Keyword",
        "filename": "reference-library/security/openlane-grc/config/readme.md",
        "hashed_secret": "572a5cd829255d4c3d9590f6d58cbcdaec283d16",
        "is_verified": false,
        "line_number": 67
      },
      {
        "type": "Secret Keyword",
        "filename": "reference-library/security/openlane-grc/config/readme.md",
        "hashed_secret": "b279655af14b286cc000bb38be88430e4cb6883d",
        "is_verified": false,
        "line_number": 184
      }
    ],
    "reference-library/security/openlane-grc/db/readme.md": [
      {
        "type": "Basic Auth Credentials",
        "filename": "reference-library/security/openlane-grc/db/readme.md",
        "hashed_secret": "5baa61e4c9b93f3f0682250b6cf8331b7ee68fd8",
        "is_verified": false,
        "line_number": 40
      }
    ],
    "reference-library/security/openlane-grc/internal/testutils/integrations/readme.md": [
      {
        "type": "Secret Keyword",
        "filename": "reference-library/security/openlane-grc/internal/testutils/integrations/readme.md",
        "hashed_secret": "a5e7be526132240fcb018c105bf3b595b4ef49fa",
        "is_verified": false,
        "line_number": 29
      },
      {
        "type": "Secret Keyword",
        "filename": "reference-library/security/openlane-grc/internal/testutils/integrations/readme.md",
        "hashed_secret": "5baa61e4c9b93f3f0682250b6cf8331b7ee68fd8",
        "is_verified": false,
        "line_number": 55
      }
    ],
    "reference-library/security/openlane-grc/internal/workflows/examples/readme.md": [
      {
        "type": "Hex High Entropy String",
        "filename": "reference-library/security/openlane-grc/internal/workflows/examples/readme.md",
        "hashed_secret": "ea30a34b2cf7ca226f21bac5ff3fdccf03737fe6",
        "is_verified": false,
        "line_number": 128
      }
    ],
    "tests/eval/test_generate.py": [
      {
        "type": "Secret Keyword",
        "filename": "tests/eval/test_generate.py",
        "hashed_secret": "3acfb2c2b433c0ea7ff107e33df91b18e52f960f",
        "is_verified": false,
        "line_number": 98
      },
      {
        "type": "Secret Keyword",
        "filename": "tests/eval/test_generate.py",
        "hashed_secret": "a62f2225bf70bfaccbc7f1ef2a397836717377de",
        "is_verified": false,
        "line_number": 205
      }
    ],
    "tests/eval/test_judge.py": [
      {
        "type": "Secret Keyword",
        "filename": "tests/eval/test_judge.py",
        "hashed_secret": "3acfb2c2b433c0ea7ff107e33df91b18e52f960f",
        "is_verified": false,
        "line_number": 57
      }
    ],
    "tests/integration/reflib_fixture/security/openlane-grc-config.md": [
      {
        "type": "Secret Keyword",
        "filename": "tests/integration/reflib_fixture/security/openlane-grc-config.md",
        "hashed_secret": "572a5cd829255d4c3d9590f6d58cbcdaec283d16",
        "is_verified": false,
        "line_number": 67
      },
      {
        "type": "Secret Keyword",
        "filename": "tests/integration/reflib_fixture/security/openlane-grc-config.md",
        "hashed_secret": "b279655af14b286cc000bb38be88430e4cb6883d",
        "is_verified": false,
        "line_number": 184
      }
    ],
    "tests/setup/test_onboarding_agent.py": [
      {
        "type": "Secret Keyword",
        "filename": "tests/setup/test_onboarding_agent.py",
        "hashed_secret": "3acfb2c2b433c0ea7ff107e33df91b18e52f960f",
        "is_verified": false,
        "line_number": 83
      }
    ],
    "tests/summaries/test_generate.py": [
      {
        "type": "Secret Keyword",
        "filename": "tests/summaries/test_generate.py",
        "hashed_secret": "3acfb2c2b433c0ea7ff107e33df91b18e52f960f",
        "is_verified": false,
        "line_number": 30
      }
    ],
    "tests/test_secrets.py": [
      {
        "type": "Secret Keyword",
        "filename": "tests/test_secrets.py",
        "hashed_secret": "5e6e4c0fb8ef47b4f1d6eea3e6c51152dbee94ec",
        "is_verified": false,
        "line_number": 74
      },
      {
        "type": "Secret Keyword",
        "filename": "tests/test_secrets.py",
        "hashed_secret": "4f47fdcd4e8d3b4802d50f990b401066bbfe0379",
        "is_verified": false,
        "line_number": 75
      }
    ]
  },
  "generated_at": "2026-05-17T02:43:09Z"
}
