{
  "version": "1.5.0",
  "plugins_used": [
    {
      "name": "ArtifactoryDetector"
    },
    {
      "name": "AWSKeyDetector"
    },
    {
      "name": "AzureStorageKeyDetector"
    },
    {
      "name": "Base64HighEntropyString",
      "limit": 4.5
    },
    {
      "name": "BasicAuthDetector"
    },
    {
      "name": "CloudantDetector"
    },
    {
      "name": "DiscordBotTokenDetector"
    },
    {
      "name": "GitHubTokenDetector"
    },
    {
      "name": "GitLabTokenDetector"
    },
    {
      "name": "HexHighEntropyString",
      "limit": 3.0
    },
    {
      "name": "IbmCloudIamDetector"
    },
    {
      "name": "IbmCosHmacDetector"
    },
    {
      "name": "IPPublicDetector"
    },
    {
      "name": "JwtTokenDetector"
    },
    {
      "name": "KeywordDetector",
      "keyword_exclude": ""
    },
    {
      "name": "MailchimpDetector"
    },
    {
      "name": "NpmDetector"
    },
    {
      "name": "OpenAIDetector"
    },
    {
      "name": "PrivateKeyDetector"
    },
    {
      "name": "PypiTokenDetector"
    },
    {
      "name": "SendGridDetector"
    },
    {
      "name": "SlackDetector"
    },
    {
      "name": "SoftlayerDetector"
    },
    {
      "name": "SquareOAuthDetector"
    },
    {
      "name": "StripeDetector"
    },
    {
      "name": "TelegramBotTokenDetector"
    },
    {
      "name": "TwilioKeyDetector"
    }
  ],
  "filters_used": [
    {
      "path": "detect_secrets.filters.allowlist.is_line_allowlisted"
    },
    {
      "path": "detect_secrets.filters.common.is_baseline_file",
      "filename": ".secrets.baseline"
    },
    {
      "path": "detect_secrets.filters.common.is_ignored_due_to_verification_policies",
      "min_level": 2
    },
    {
      "path": "detect_secrets.filters.heuristic.is_indirect_reference"
    },
    {
      "path": "detect_secrets.filters.heuristic.is_likely_id_string"
    },
    {
      "path": "detect_secrets.filters.heuristic.is_lock_file"
    },
    {
      "path": "detect_secrets.filters.heuristic.is_not_alphanumeric_string"
    },
    {
      "path": "detect_secrets.filters.heuristic.is_potential_uuid"
    },
    {
      "path": "detect_secrets.filters.heuristic.is_prefixed_with_dollar_sign"
    },
    {
      "path": "detect_secrets.filters.heuristic.is_sequential_string"
    },
    {
      "path": "detect_secrets.filters.heuristic.is_swagger_file"
    },
    {
      "path": "detect_secrets.filters.heuristic.is_templated_secret"
    },
    {
      "path": "detect_secrets.filters.regex.should_exclude_file",
      "pattern": [
        "reference-library/|\\.git/"
      ]
    }
  ],
  "results": {
    "docs/operations/MCP-DEPLOYMENT.md": [
      {
        "type": "Secret Keyword",
        "filename": "docs/operations/MCP-DEPLOYMENT.md",
        "hashed_secret": "0d32bede5dcd867cd8ba38a91df8b5f371b2c2e9",
        "is_verified": false,
        "line_number": 178
      }
    ],
    "docs/operations/MCP-ingest-tools.md": [
      {
        "type": "Secret Keyword",
        "filename": "docs/operations/MCP-ingest-tools.md",
        "hashed_secret": "7a85f4764bbd6daf1c3545efbbf0f279a6dc0beb",
        "is_verified": false,
        "line_number": 42
      }
    ],
    "kairix/agents/mcp/transport.py": [
      {
        "type": "Secret Keyword",
        "filename": "kairix/agents/mcp/transport.py",
        "hashed_secret": "7cb594bd4758481885f7e3e88331212e5ca69f51",
        "is_verified": false,
        "line_number": 122
      }
    ],
    "kairix/platform/setup/web/templates/setup/source_connect.html": [
      {
        "type": "Private Key",
        "filename": "kairix/platform/setup/web/templates/setup/source_connect.html",
        "hashed_secret": "be4fc4886bd949b369d5e092eb87494f12e57e5b",
        "is_verified": false,
        "line_number": 48
      }
    ],
    "kairix/secrets/_legacy.py": [
      {
        "type": "Secret Keyword",
        "filename": "kairix/secrets/_legacy.py",
        "hashed_secret": "191d123568487213c926b9faf04e91f192377fb6",
        "is_verified": false,
        "line_number": 61
      }
    ],
    "tests/bdd/steps/cli_connect_github_app_steps.py": [
      {
        "type": "Private Key",
        "filename": "tests/bdd/steps/cli_connect_github_app_steps.py",
        "hashed_secret": "be4fc4886bd949b369d5e092eb87494f12e57e5b",
        "is_verified": false,
        "line_number": 37
      }
    ],
    "tests/contracts/test_connect_protocols.py": [
      {
        "type": "Private Key",
        "filename": "tests/contracts/test_connect_protocols.py",
        "hashed_secret": "be4fc4886bd949b369d5e092eb87494f12e57e5b",
        "is_verified": false,
        "line_number": 62
      }
    ],
    "tests/e2e/test_composed_connect_github_app_path.py": [
      {
        "type": "Private Key",
        "filename": "tests/e2e/test_composed_connect_github_app_path.py",
        "hashed_secret": "be4fc4886bd949b369d5e092eb87494f12e57e5b",
        "is_verified": false,
        "line_number": 43
      }
    ],
    "tests/eval/test_generate.py": [
      {
        "type": "Secret Keyword",
        "filename": "tests/eval/test_generate.py",
        "hashed_secret": "3acfb2c2b433c0ea7ff107e33df91b18e52f960f",
        "is_verified": false,
        "line_number": 98
      },
      {
        "type": "Secret Keyword",
        "filename": "tests/eval/test_generate.py",
        "hashed_secret": "a62f2225bf70bfaccbc7f1ef2a397836717377de",
        "is_verified": false,
        "line_number": 205
      }
    ],
    "tests/eval/test_judge.py": [
      {
        "type": "Secret Keyword",
        "filename": "tests/eval/test_judge.py",
        "hashed_secret": "3acfb2c2b433c0ea7ff107e33df91b18e52f960f",
        "is_verified": false,
        "line_number": 201
      }
    ],
    "tests/integration/reflib_fixture/security/openlane-grc-config.md": [
      {
        "type": "Secret Keyword",
        "filename": "tests/integration/reflib_fixture/security/openlane-grc-config.md",
        "hashed_secret": "572a5cd829255d4c3d9590f6d58cbcdaec283d16",
        "is_verified": false,
        "line_number": 67
      },
      {
        "type": "Secret Keyword",
        "filename": "tests/integration/reflib_fixture/security/openlane-grc-config.md",
        "hashed_secret": "b279655af14b286cc000bb38be88430e4cb6883d",
        "is_verified": false,
        "line_number": 184
      }
    ],
    "tests/integration/test_connect_github_app_lifecycle.py": [
      {
        "type": "Private Key",
        "filename": "tests/integration/test_connect_github_app_lifecycle.py",
        "hashed_secret": "be4fc4886bd949b369d5e092eb87494f12e57e5b",
        "is_verified": false,
        "line_number": 23
      }
    ],
    "tests/platform/setup/test_setup_source_oauth_backends.py": [
      {
        "type": "Private Key",
        "filename": "tests/platform/setup/test_setup_source_oauth_backends.py",
        "hashed_secret": "be4fc4886bd949b369d5e092eb87494f12e57e5b",
        "is_verified": false,
        "line_number": 176
      }
    ],
    "tests/platform/setup/test_wizard_source_oauth_helpers.py": [
      {
        "type": "Private Key",
        "filename": "tests/platform/setup/test_wizard_source_oauth_helpers.py",
        "hashed_secret": "be4fc4886bd949b369d5e092eb87494f12e57e5b",
        "is_verified": false,
        "line_number": 211
      }
    ],
    "tests/setup/test_onboarding_agent.py": [
      {
        "type": "Secret Keyword",
        "filename": "tests/setup/test_onboarding_agent.py",
        "hashed_secret": "3acfb2c2b433c0ea7ff107e33df91b18e52f960f",
        "is_verified": false,
        "line_number": 83
      }
    ],
    "tests/summaries/test_generate.py": [
      {
        "type": "Secret Keyword",
        "filename": "tests/summaries/test_generate.py",
        "hashed_secret": "3acfb2c2b433c0ea7ff107e33df91b18e52f960f",
        "is_verified": false,
        "line_number": 32
      }
    ],
    "tests/test_secrets.py": [
      {
        "type": "Secret Keyword",
        "filename": "tests/test_secrets.py",
        "hashed_secret": "5e6e4c0fb8ef47b4f1d6eea3e6c51152dbee94ec",
        "is_verified": false,
        "line_number": 87
      },
      {
        "type": "Secret Keyword",
        "filename": "tests/test_secrets.py",
        "hashed_secret": "4f47fdcd4e8d3b4802d50f990b401066bbfe0379",
        "is_verified": false,
        "line_number": 88
      }
    ],
    "tests/unit/test_connect_browser_killswitch.py": [
      {
        "type": "Private Key",
        "filename": "tests/unit/test_connect_browser_killswitch.py",
        "hashed_secret": "be4fc4886bd949b369d5e092eb87494f12e57e5b",
        "is_verified": false,
        "line_number": 122
      },
      {
        "type": "Base64 High Entropy String",
        "filename": "tests/unit/test_connect_browser_killswitch.py",
        "hashed_secret": "70063afc0fc2809f8ca530114d487c7e60619dbc",
        "is_verified": false,
        "line_number": 123
      }
    ],
    "tests/unit/test_connect_cli_github_app.py": [
      {
        "type": "Private Key",
        "filename": "tests/unit/test_connect_cli_github_app.py",
        "hashed_secret": "be4fc4886bd949b369d5e092eb87494f12e57e5b",
        "is_verified": false,
        "line_number": 43
      }
    ],
    "tests/unit/test_connect_github_app_oauth2.py": [
      {
        "type": "Private Key",
        "filename": "tests/unit/test_connect_github_app_oauth2.py",
        "hashed_secret": "be4fc4886bd949b369d5e092eb87494f12e57e5b",
        "is_verified": false,
        "line_number": 35
      },
      {
        "type": "Base64 High Entropy String",
        "filename": "tests/unit/test_connect_github_app_oauth2.py",
        "hashed_secret": "70063afc0fc2809f8ca530114d487c7e60619dbc",
        "is_verified": false,
        "line_number": 36
      }
    ],
    "tests/unit/test_connect_github_app_refresh.py": [
      {
        "type": "Private Key",
        "filename": "tests/unit/test_connect_github_app_refresh.py",
        "hashed_secret": "be4fc4886bd949b369d5e092eb87494f12e57e5b",
        "is_verified": false,
        "line_number": 17
      }
    ],
    "tests/unit/test_connect_store_file.py": [
      {
        "type": "Private Key",
        "filename": "tests/unit/test_connect_store_file.py",
        "hashed_secret": "be4fc4886bd949b369d5e092eb87494f12e57e5b",
        "is_verified": false,
        "line_number": 239
      }
    ],
    "tests/unit/test_connect_store_stdout.py": [
      {
        "type": "Base64 High Entropy String",
        "filename": "tests/unit/test_connect_store_stdout.py",
        "hashed_secret": "41ee5375c8787eae8e8c347aae7b5319aa0a7cee",
        "is_verified": false,
        "line_number": 84
      }
    ]
  },
  "generated_at": "2026-10-09T00:15:25Z"
}
